
> nutrition-experts-platform@0.1.0 build
> cross-env CI=false react-app-rewired build

Creating an optimized production build...
